Release 14.7 - xst P.20131013 (nt64)
Copyright (c) 1995-2013 Xilinx, Inc.  All rights reserved.
--> Parameter TMPDIR set to xst/projnav.tmp


Total REAL time to Xst completion: 1.00 secs
Total CPU time to Xst completion: 0.53 secs
 
--> Parameter xsthdpdir set to xst


Total REAL time to Xst completion: 1.00 secs
Total CPU time to Xst completion: 0.54 secs
 
--> Reading design: ex_top_sch.prj

TABLE OF CONTENTS
  1) Synthesis Options Summary
  2) HDL Parsing
  3) HDL Elaboration
  4) HDL Synthesis
       4.1) HDL Synthesis Report
  5) Advanced HDL Synthesis
       5.1) Advanced HDL Synthesis Report
  6) Low Level Synthesis
  7) Partition Report
  8) Design Summary
       8.1) Primitive and Black Box Usage
       8.2) Device utilization summary
       8.3) Partition Resource Summary
       8.4) Timing Report
            8.4.1) Clock Information
            8.4.2) Asynchronous Control Signals Information
            8.4.3) Timing Summary
            8.4.4) Timing Details
            8.4.5) Cross Clock Domains Report


=========================================================================
*                      Synthesis Options Summary                        *
=========================================================================
---- Source Parameters
Input File Name                    : "ex_top_sch.prj"
Ignore Synthesis Constraint File   : NO

---- Target Parameters
Output File Name                   : "ex_top_sch"
Output Format                      : NGC
Target Device                      : xc6slx25-2-ftg256

---- Source Options
Top Module Name                    : ex_top_sch
Automatic FSM Extraction           : YES
FSM Encoding Algorithm             : Auto
Safe Implementation                : No
FSM Style                          : LUT
RAM Extraction                     : Yes
RAM Style                          : Auto
ROM Extraction                     : Yes
Shift Register Extraction          : YES
ROM Style                          : Auto
Resource Sharing                   : YES
Asynchronous To Synchronous        : NO
Shift Register Minimum Size        : 2
Use DSP Block                      : Auto
Automatic Register Balancing       : No

---- Target Options
LUT Combining                      : Auto
Reduce Control Sets                : Auto
Add IO Buffers                     : YES
Global Maximum Fanout              : 100000
Add Generic Clock Buffer(BUFG)     : 16
Register Duplication               : YES
Optimize Instantiated Primitives   : NO
Use Clock Enable                   : Auto
Use Synchronous Set                : Auto
Use Synchronous Reset              : Auto
Pack IO Registers into IOBs        : Auto
Equivalent register Removal        : YES

---- General Options
Optimization Goal                  : Speed
Optimization Effort                : 1
Power Reduction                    : NO
Keep Hierarchy                     : No
Netlist Hierarchy                  : As_Optimized
RTL Output                         : Yes
Global Optimization                : AllClockNets
Read Cores                         : YES
Write Timing Constraints           : NO
Cross Clock Analysis               : NO
Hierarchy Separator                : /
Bus Delimiter                      : <>
Case Specifier                     : Maintain
Slice Utilization Ratio            : 100
BRAM Utilization Ratio             : 100
DSP48 Utilization Ratio            : 100
Auto BRAM Packing                  : NO
Slice Utilization Ratio Delta      : 5

=========================================================================


=========================================================================
*                          HDL Parsing                                  *
=========================================================================
Analyzing Verilog file "E:\adlx\EXAMPLES\HOME_VER\ex_reg_ver.v" into library work
Parsing module <ex_reg_ver>.
Analyzing Verilog file "E:\adlx\EXAMPLES\HOME_VER\ex_mux_ver.v" into library work
Parsing module <ex_mux_ver>.
Analyzing Verilog file "E:\adlx\EXAMPLES\HOME_VER\ex_buf_ver.v" into library work
Parsing module <ex_buf_ver>.
Parsing VHDL file "E:\adlx\EXAMPLES\HOME_VER\ex_top_sch.vhf" into library work
Parsing entity <ex_top_sch>.
Parsing architecture <BEHAVIORAL> of entity <ex_top_sch>.

=========================================================================
*                            HDL Elaboration                            *
=========================================================================

Elaborating entity <ex_top_sch> (architecture <BEHAVIORAL>) from library <work>.
Going to verilog side to elaborate module ex_reg_ver

Elaborating module <ex_reg_ver>.
Back to vhdl to continue elaboration
Going to verilog side to elaborate module ex_reg_ver
Back to vhdl to continue elaboration
Going to verilog side to elaborate module ex_mux_ver

Elaborating module <ex_mux_ver>.
Back to vhdl to continue elaboration
Going to verilog side to elaborate module ex_buf_ver

Elaborating module <ex_buf_ver>.
WARNING:HDLCompiler:413 - "E:\adlx\EXAMPLES\HOME_VER\ex_buf_ver.v" Line 28: Result of 32-bit expression is truncated to fit in 16-bit target.
Back to vhdl to continue elaboration
Going to verilog side to elaborate module ex_buf_ver
Back to vhdl to continue elaboration

=========================================================================
*                           HDL Synthesis                               *
=========================================================================

Synthesizing Unit <ex_top_sch>.
    Related source file is "E:\adlx\EXAMPLES\HOME_VER\ex_top_sch.vhf".
    Summary:
	no macro.
Unit <ex_top_sch> synthesized.

Synthesizing Unit <ex_reg_ver>.
    Related source file is "E:\adlx\EXAMPLES\HOME_VER\ex_reg_ver.v".
    Found 16-bit register for signal <data_out_reg>.
    Summary:
	inferred  16 D-type flip-flop(s).
Unit <ex_reg_ver> synthesized.

Synthesizing Unit <ex_mux_ver>.
    Related source file is "E:\adlx\EXAMPLES\HOME_VER\ex_mux_ver.v".
    Summary:
	inferred   1 Multiplexer(s).
Unit <ex_mux_ver> synthesized.

Synthesizing Unit <ex_buf_ver>.
    Related source file is "E:\adlx\EXAMPLES\HOME_VER\ex_buf_ver.v".
    Found 1-bit tristate buffer for signal <buf_out<15>> created at line 28
    Found 1-bit tristate buffer for signal <buf_out<14>> created at line 28
    Found 1-bit tristate buffer for signal <buf_out<13>> created at line 28
    Found 1-bit tristate buffer for signal <buf_out<12>> created at line 28
    Found 1-bit tristate buffer for signal <buf_out<11>> created at line 28
    Found 1-bit tristate buffer for signal <buf_out<10>> created at line 28
    Found 1-bit tristate buffer for signal <buf_out<9>> created at line 28
    Found 1-bit tristate buffer for signal <buf_out<8>> created at line 28
    Found 1-bit tristate buffer for signal <buf_out<7>> created at line 28
    Found 1-bit tristate buffer for signal <buf_out<6>> created at line 28
    Found 1-bit tristate buffer for signal <buf_out<5>> created at line 28
    Found 1-bit tristate buffer for signal <buf_out<4>> created at line 28
    Found 1-bit tristate buffer for signal <buf_out<3>> created at line 28
    Found 1-bit tristate buffer for signal <buf_out<2>> created at line 28
    Found 1-bit tristate buffer for signal <buf_out<1>> created at line 28
    Found 1-bit tristate buffer for signal <buf_out<0>> created at line 28
    Summary:
	inferred  16 Tristate(s).
Unit <ex_buf_ver> synthesized.

=========================================================================
HDL Synthesis Report

Macro Statistics
# Registers                                            : 2
 16-bit register                                       : 2
# Multiplexers                                         : 1
 16-bit 2-to-1 multiplexer                             : 1
# Tristates                                            : 32
 1-bit tristate buffer                                 : 32

=========================================================================

=========================================================================
*                       Advanced HDL Synthesis                          *
=========================================================================


=========================================================================
Advanced HDL Synthesis Report

Macro Statistics
# Registers                                            : 32
 Flip-Flops                                            : 32
# Multiplexers                                         : 1
 16-bit 2-to-1 multiplexer                             : 1

=========================================================================

=========================================================================
*                         Low Level Synthesis                           *
=========================================================================
WARNING:Xst:2040 - Unit ex_top_sch: 16 multi-source signals are replaced by logic (pull-up yes): data_buf_out<0>_MLTSRCEDGE, data_buf_out<10>_MLTSRCEDGE, data_buf_out<11>_MLTSRCEDGE, data_buf_out<12>_MLTSRCEDGE, data_buf_out<13>_MLTSRCEDGE, data_buf_out<14>_MLTSRCEDGE, data_buf_out<15>_MLTSRCEDGE, data_buf_out<1>_MLTSRCEDGE, data_buf_out<2>_MLTSRCEDGE, data_buf_out<3>_MLTSRCEDGE, data_buf_out<4>_MLTSRCEDGE, data_buf_out<5>_MLTSRCEDGE, data_buf_out<6>_MLTSRCEDGE, data_buf_out<7>_MLTSRCEDGE, data_buf_out<8>_MLTSRCEDGE, data_buf_out<9>_MLTSRCEDGE.

Optimizing unit <ex_reg_ver> ...

Optimizing unit <ex_top_sch> ...

Mapping all equations...
Building and optimizing final netlist ...
Found area constraint ratio of 100 (+ 5) on block ex_top_sch, actual ratio is 0.

Final Macro Processing ...

=========================================================================
Final Register Report

Macro Statistics
# Registers                                            : 32
 Flip-Flops                                            : 32

=========================================================================

=========================================================================
*                           Partition Report                            *
=========================================================================

Partition Implementation Status
-------------------------------

  No Partitions were found in this design.

-------------------------------

=========================================================================
*                            Design Summary                             *
=========================================================================

Top Level Output File Name         : ex_top_sch.ngc

Primitive and Black Box Usage:
------------------------------
# BELS                             : 33
#      LUT2                        : 1
#      LUT3                        : 16
#      LUT4                        : 16
# FlipFlops/Latches                : 32
#      FDRE                        : 32
# Clock Buffers                    : 1
#      BUFGP                       : 1
# IO Buffers                       : 70
#      IBUF                        : 38
#      OBUF                        : 16
#      OBUFT                       : 16

Device utilization summary:
---------------------------

Selected Device : 6slx25ftg256-2 


Slice Logic Utilization: 
 Number of Slice LUTs:                   33  out of  15032     0%  
    Number used as Logic:                33  out of  15032     0%  

Slice Logic Distribution: 
 Number of LUT Flip Flop pairs used:     33
   Number with an unused Flip Flop:      33  out of     33   100%  
   Number with an unused LUT:             0  out of     33     0%  
   Number of fully used LUT-FF pairs:     0  out of     33     0%  
   Number of unique control sets:         2

IO Utilization: 
 Number of IOs:                          71
 Number of bonded IOBs:                  71  out of    186    38%  
    IOB Flip Flops/Latches:              32

Specific Feature Utilization:
 Number of BUFG/BUFGCTRLs:                1  out of     16     6%  

---------------------------
Partition Resource Summary:
---------------------------

  No Partitions were found in this design.

---------------------------


=========================================================================
Timing Report

NOTE: THESE TIMING NUMBERS ARE ONLY A SYNTHESIS ESTIMATE.
      FOR ACCURATE TIMING INFORMATION PLEASE REFER TO THE TRACE REPORT
      GENERATED AFTER PLACE-and-ROUTE.

Clock Information:
------------------
-----------------------------------+------------------------+-------+
Clock Signal                       | Clock buffer(FF name)  | Load  |
-----------------------------------+------------------------+-------+
clock                              | BUFGP                  | 32    |
-----------------------------------+------------------------+-------+

Asynchronous Control Signals Information:
----------------------------------------
No asynchronous control signals found in this design

Timing Summary:
---------------
Speed Grade: -2

   Minimum period: No path found
   Minimum input arrival time before clock: 3.306ns
   Maximum output required time after clock: 5.307ns
   Maximum combinational path delay: 6.988ns

Timing Details:
---------------
All values displayed in nanoseconds (ns)

=========================================================================
Timing constraint: Default OFFSET IN BEFORE for Clock 'clock'
  Total number of paths / destination ports: 96 / 96
-------------------------------------------------------------------------
Offset:              3.306ns (Levels of Logic = 1)
  Source:            reset (PAD)
  Destination:       XLXI_2/data_out_reg_15 (FF)
  Destination Clock: clock rising

  Data Path: reset to XLXI_2/data_out_reg_15
                                Gate     Net
    Cell:in->out      fanout   Delay   Delay  Logical Name (Net Name)
    ----------------------------------------  ------------
     IBUF:I->O            32   1.328   1.519  reset_IBUF (reset_IBUF)
     FDRE:R                    0.459          XLXI_2/data_out_reg_0
    ----------------------------------------
    Total                      3.306ns (1.787ns logic, 1.519ns route)
                                       (54.1% logic, 45.9% route)

=========================================================================
Timing constraint: Default OFFSET OUT AFTER for Clock 'clock'
  Total number of paths / destination ports: 64 / 32
-------------------------------------------------------------------------
Offset:              5.307ns (Levels of Logic = 2)
  Source:            XLXI_2/data_out_reg_15 (FF)
  Destination:       data_buf_out<15> (PAD)
  Source Clock:      clock rising

  Data Path: XLXI_2/data_out_reg_15 to data_buf_out<15>
                                Gate     Net
    Cell:in->out      fanout   Delay   Delay  Logical Name (Net Name)
    ----------------------------------------  ------------
     FDRE:C->Q             2   0.525   0.954  XLXI_2/data_out_reg_15 (XLXI_2/data_out_reg_15)
     LUT4:I1->O            1   0.235   0.681  data_buf_out<15>_MLTSRCEDGELogicTrst1 (data_buf_out<15>_MLTSRCEDGE)
     OBUFT:I->O                2.912          data_buf_out_15_OBUFT (data_buf_out<15>)
    ----------------------------------------
    Total                      5.307ns (3.672ns logic, 1.635ns route)
                                       (69.2% logic, 30.8% route)

=========================================================================
Timing constraint: Default path analysis
  Total number of paths / destination ports: 80 / 32
-------------------------------------------------------------------------
Delay:               6.988ns (Levels of Logic = 3)
  Source:            buf_en2 (PAD)
  Destination:       data_buf_out<15> (PAD)

  Data Path: buf_en2 to data_buf_out<15>
                                Gate     Net
    Cell:in->out      fanout   Delay   Delay  Logical Name (Net Name)
    ----------------------------------------  ------------
     IBUF:I->O            17   1.328   1.317  buf_en2_IBUF (buf_en2_IBUF)
     LUT2:I0->O           16   0.250   1.181  N171 (N17)
     OBUFT:T->O                2.912          data_buf_out_15_OBUFT (data_buf_out<15>)
    ----------------------------------------
    Total                      6.988ns (4.490ns logic, 2.498ns route)
                                       (64.3% logic, 35.7% route)

=========================================================================

Cross Clock Domains Report:
--------------------------

=========================================================================


Total REAL time to Xst completion: 7.00 secs
Total CPU time to Xst completion: 7.05 secs
 
--> 

Total memory usage is 4503156 kilobytes

Number of errors   :    0 (   0 filtered)
Number of warnings :    2 (   0 filtered)
Number of infos    :    0 (   0 filtered)

